// Jest Snapshot v1, https://goo.gl/fbAQLP

exports[`Card renders correctly 1`] = `
<div
  style={
    Object {
      "backgroundColor": "green",
    }
  }
>
  Lorem ipsum
</div>
`;
